// Jest Snapshot v1, https://goo.gl/fbAQLP

exports[`Header Tests renders a header with a title 1`] = `
<div>
  <h1
    class="text-2xl text-white text-center"
  >
    TDD Kata: String Calculator ðŸŒž
  </h1>
  <p
    class="text-md text-white text-center mt-4"
  >
    This is a simple string calculator that was built using TDD (Test Driven Development).
     
  </p>
</div>
`;
